{
    "id": @integer@,
    "title": "Easy API testing with ApiTestCase",
    "author": "Łukasz A. Chruściel"
}
