{
    "id": @integer@,
    "title": "Clean Code principles",
    "author": "Robert C. Martin"
}
